I'm afraid|-1
abandon oneself to despair|-1
abashed|-1
abhor|-1
abominate|-1
absolutely terrified|-1
abus|-1
abuse|-1
accusation|-1
accuse|-1
adopt a hostile attitude towards|-1
afraid of being found out|-1
afraid of impairing personal relations|-1
agonized|-1
alarmed|-1
alarmed and panicky|-1
all food is delicious to the starving|-1
almost swooning with fright|-1
amaze|-1
amazed|-1
amazement|-1
anger|-1
angrily|-1
angrily rebuke|-1
angry|-1
anguished|-1
annoyed|-1
answer back sarcastically|-1
anxiety|-1
anxious|-1
apprehensive|-1
ashamed|-1
ashamed and remorseful|-1
assail|-1
assault|-1
astonied|-1
astonished|-1
astonishment|-1
astounded|-1
attack|-1
attack by innuendo|-1
attack in speech or writing|-1
awkward|-1
backbite|-1
bashful|-1
bawl at ... angrily|-1
be a tax on one's mind|-1
be afraid|-1
be afraid of|-1
be afraid of difficulty|-1
be agape and tongue-tied|-1
be agitated|-1
be alarmed|-1
be amazed|-1
be angry|-1
be annoyed|-1
be antagonistic to|-1
be anxious|-1
be anxious about|-1
be anxious to|-1
be ashamed|-1
be ashamed of and disgusted with|-1
be astonied|-1
be astonished|-1
be at a loss for words|-1
be awed|-1
be awed by the sight of|-1
be bashful|-1
be battle-shy|-1
be bitterly disappointed|-1
be bitterly remorseful|-1
be boiling with rage|-1
be breathless with anxiety|-1
be burning with anger|-1
be captious|-1
be compunctious|-1
be concerned|-1
be concerned with|-1
be conscience-stricken|-1
be cross|-1
be deeply grieved|-1
be dejected|-1
be depressed|-1
be depressed and discontended|-1
be difficult and sulky|-1
be disappointed|-1
be discouraged|-1
be disgruntled|-1
be disgusted|-1
be disgusted with|-1
be disheartened|-1
be disinclined to|-1
be disloyal|-1
be dispirited|-1
be displeased|-1
be distressed|-1
be downhearted|-1
be dumb as a wooden chicken|-1
be dumbfounded|-1
be embarrassed|-1
be empathic|-1
be enraged|-1
be even afraid of one's own shadow|-1
be extremly sorrowful|-1
be fainthearted|-1
be fed up|-1
be fed up with|-1
be fidgety|-1
be filled with apprehension|-1
be filled with indignation|-1
be flustered and exasperated|-1
be foul-mouthed|-1
be frightened|-1
be frightened out of one's wits|-1
be frustrated|-1
be full of misgivings|-1
be full of remorse|-1
be furious|-1
be greatly surprised|-1
be grieved|-1
be guilty conscious|-1
be half-hearted|-1
be heartbroken|-1
be horrified|-1
be hostile to|-1
be ill at ease|-1
be impatient|-1
be in a constant state of anxiety|-1
be in a daze|-1
be in a dilemma|-1
be in a hurry|-1
be in a hurry to|-1
be in a state of anxiety|-1
be in a trance|-1
be in an awkward position|-1
be in an awkward predicament|-1
be in anger|-1
be in extreme greif|-1
be in low spirits|-1
be in two minds|-1
be indifferent to|-1
be indignant|-1
be infuriated|-1
be irresolute|-1
be irritated|-1
be left speechless|-1
be left to grieve in the cold|-1
be low-spirited|-1
be malcontent|-1
be not concerned with|-1
be of two minds|-1
be on tenterhooks|-1
be out of practice|-1
be out of practise|-1
be outraged by an injustice|-1
be overanxious|-1
be overcautious and indecisive|-1
be overcritical|-1
be overwhelmed with sorrow|-1
be paranoiac|-1
be peevish|-1
be penitent|-1
be put out|-1
be quite taken aback|-1
be resentful|-1
be ruffled|-1
be sad|-1
be scared|-1
be shamed into anger|-1
be shamefaced|-1
be shilly-shally|-1
be shocked|-1
be shy|-1
be shy with strangers|-1
be sick of|-1
be smitten with fear|-1
be solicitous|-1
be sorrowful|-1
be sorry|-1
be struck dumb|-1
be struck with terror|-1
be stunned|-1
be stupefied|-1
be suprised|-1
be surprised|-1
be suspicious|-1
be suspicious and hostile|-1
be terribly suspicious|-1
be terrified|-1
be terrifled by the sight of|-1
be terror-stricken|-1
be timid|-1
be tired of|-1
be transfixed|-1
be unable to act impartially for fear of offending sb|-1
be unable to act impartially for fear of offending sb.|-1
be unable to make up one's mind|-1
be unhappy|-1
be unwilling|-1
be unwilling to borrow trouble|-1
be unworthy of the honour|-1
be upset|-1
be utterly bored|-1
be utterly discomfited|-1
be very anxious|-1
be vexed|-1
be weary of|-1
be worried|-1
be worried about|-1
bear a grudge|-1
beat and scold|-1
beat one's breast and stamp one's feet|-1
beautiful eyes staring in anger|-1
become angry|-1
become dejected|-1
become impatient|-1
become infuriated|-1
become suspicious|-1
become terror-stricken at news|-1
beg your pardon|-1
bemoan the state of the universe and pity the fate of mankind|-1
berat|-1
berate|-1
beside oneself with anger|-1
beside oneself with rage|-1
betray|-1
betray one's anger|-1
bitter and astringent|-1
bitterly attack|-1
bitterly detest|-1
bitterly hate|-1
bitterly scold|-1
blackguard|-1
blame|-1
blame ... wrongly|-1
blame everyone and everything but oneself|-1
blame god and man|-1
blame oneself|-1
blank|-1
blaspheme|-1
blue|-1
blunt rebuke|-1
blush|-1
blush due to shyness|-1
blush from shame|-1
blush with shame|-1
blush with shyness|-1
blushing|-1
boil with rage|-1
boo|-1
bored|-1
bored to death|-1
boredom|-1
bother|-1
bristle with anger|-1
broken-hearted|-1
brush aside|-1
burn with anger|-1
burning with anxiety|-1
call ... names|-1
call into question|-1
call names|-1
call people names in public|-1
can find no place to hide oneself for shame|-1
cannot bear the sight of|-1
care-laden|-1
careworn|-1
castigate|-1
castigation|-1
cease to be faithful|-1
censure|-1
change|-1
change countenance|-1
charge|-1
chastise|-1
cheat|-1
cheat on|-1
cheerlessness|-1
chide|-1
choke with resentment|-1
clamour|-1
clapperclaw|-1
cold-shoulder|-1
commiserate|-1
commiseration|-1
complain|-1
complain and call for redress|-1
complain incessantly|-1
complain of hardship|-1
complain of suffering|-1
complaint|-1
complaints are heard everywhere|-1
compunction|-1
concerned|-1
condemn|-1
condemn both in speech and in writing|-1
condemn to eternal damnation|-1
condemnation|-1
condonation|-1
condone|-1
conscience-stricken|-1
consign to limbo|-1
constrained|-1
contempn|-1
contempt|-1
contemptuous|-1
coy|-1
crabbed|-1
crestfallen|-1
cries of discontent rise all round|-1
criticism|-1
criticize|-1
criticize and denounce sb.|-1
criticize mentally|-1
criticize severely|-1
cross|-1
cry down|-1
cuckold|-1
curse|-1
curse roundly|-1
curse unceasingly|-1
cynical|-1
damn|-1
decry|-1
deeply astonished|-1
deeply grieved|-1
deeply regret|-1
deeply worried|-1
defy|-1
dejected|-1
demoralized|-1
denounce|-1
denouncement|-1
denunciation|-1
deplore|-1
depressed|-1
depressed and discontented|-1
deride|-1
deride and taunt|-1
derision|-1
despair|-1
despise|-1
despondence|-1
despondency|-1
despondent|-1
detest|-1
detest and reject|-1
detest the world and its ways|-1
detestation|-1
diffident|-1
disagree|-1
disappointed|-1
disappointing|-1
disappointment|-1
disapproval|-1
disapprove|-1
disbelieve|-1
disconcerting|-1
disconsolate|-1
disconsolateness|-1
discontented|-1
discouraged|-1
discriminate against|-1
disdain|-1
disdainful|-1
disheartened|-1
dislike|-1
dislike and avoid|-1
disloyal|-1
dismay|-1
dispirited|-1
dispiritedness|-1
dispite|-1
displeased|-1
disregard|-1
dissatisfied|-1
dissent|-1
distracted|-1
distraught|-1
distressed|-1
do ... in a fit of pique|-1
do not take a fancy to|-1
do one thing and neglect another|-1
doubt|-1
doubtful|-1
downcast|-1
downhearted|-1
downheartedness|-1
dread|-1
dress down|-1
driven to distraction|-1
dull|-1
dumbstruck|-1
embarrassed|-1
embarrassedly|-1
embarrassing|-1
embarrassment|-1
empathize|-1
emphasize one thing at the expense of another|-1
enraged|-1
envy and hate|-1
exclaim|-1
exclaim with admiration|-1
excoriate|-1
excoriation|-1
excuse|-1
exercise forbearance|-1
expose and criticize|-1
express one's anger|-1
express one's disagreement|-1
express one's dissatisfaction|-1
extremely anxious|-1
extremely sorrowful|-1
extremely suspicious|-1
extremely worried|-1
face difficult choice|-1
false alarm|-1
fear|-1
fear after the event|-1
fear of disturbance in the rear|-1
fear that|-1
feel a twinge of conscience|-1
feel aggrieved|-1
feel alarmed|-1
feel anxious|-1
feel apologetic|-1
feel as if a knife were piercing one's heart|-1
feel ashamed|-1
feel awkward|-1
feel bad|-1
feel compassion for|-1
feel concerned about|-1
feel deeply ashamed|-1
feel dejected|-1
feel depressed|-1
feel disappointed|-1
feel discouraged|-1
feel disheartened|-1
feel embarrassed|-1
feel gloomy|-1
feel injured and resentful|-1
feel left out|-1
feel lost|-1
feel low|-1
feel nervous when going into battle|-1
feel oppressed|-1
feel remorse|-1
feel sad|-1
feel shy|-1
feel shy to|-1
feel sorry|-1
feel sorry about|-1
feel sorry for|-1
feel sorry for sb.|-1
feel suffocated|-1
feel suspicious|-1
feel terribly worried|-1
feel timid|-1
feel too ashamed to show one's face|-1
feel uncertain|-1
feel unhappy|-1
feel very much oppressed|-1
feel vexed|-1
feeling low|-1
fellow sufferers sympathize with each other|-1
fierce stare|-1
find ... both funny and annoying|-1
find fault|-1
find fault meticulously|-1
find fault with|-1
find it embarrassing|-1
find oneself at a loss|-1
fire criticism at sb.|-1
flare up|-1
flare up in anger|-1
fluctuate|-1
flush with agitation|-1
flush with anger|-1
fly into a rage|-1
fly into a rage from shame|-1
fly into a rage out of shame|-1
fly into a towering passion|-1
fly into rage|-1
foam with anger|-1
foam with rage|-1
for fear that|-1
forfeit one's integrity|-1
forgive|-1
forgive and forget|-1
forgiveness|-1
freezing irony and burning satire|-1
fret|-1
frighhtened out of one's wits|-1
frightened|-1
frown upon|-1
frustrated|-1
frustrating|-1
fume|-1
fume with anger|-1
furious|-1
fuss|-1
fussy|-1
gaping|-1
gaze at each other in speechless despair|-1
get angry|-1
get angry with|-1
get fed up|-1
get gooseflesh|-1
get sick of|-1
get worked up|-1
gibe|-1
give ... a talking-to|-1
give a blow and a shout a severe rebuke|-1
give a blow and a shout a sharp rebuke|-1
give a snort of contempt|-1
give a talking-to|-1
give a tongue-lashing|-1
give no heed|-1
give no thought to|-1
give oneself up as hopeless|-1
give relief|-1
give the red light|-1
give up all hope|-1
give vent to one's anger|-1
glaring eyes|-1
gloomy|-1
glower and glare at|-1
glum|-1
gnash one's teeth|-1
go around with a long face|-1
greatly disappointed|-1
grieve|-1
grieved|-1
grouchy|-1
grumble|-1
grumpy|-1
half-believing, half-doubting|-1
harbour resentment|-1
harbour suspicions|-1
hate|-1
hate bitterly|-1
hate out of jealousy|-1
have a feeling caused by something bad|-1
have a fishbone caught in one's throat|-1
have a fit of anger|-1
have a gnawing regret|-1
have a grudge against|-1
have a guilty conscience|-1
have a lingering fear|-1
have a regret|-1
have a simmering sense of injustice|-1
have a weight on one's mind|-1
have compassion for|-1
have mercy on|-1
have misgivings|-1
have misgivings about sth.|-1
have no end of doubts|-1
have no end of worries|-1
have no intention|-1
have no regard for|-1
have one's aspirations thwarted|-1
have pent-up grievances|-1
have pity for|-1
have pity on|-1
have pity on sb.|-1
have scruples|-1
have worries and misgivings|-1
heartbroken|-1
heartsickness|-1
heavy|-1
heavy at heart|-1
heavy-hearted|-1
heavyhearted|-1
hesitate|-1
hesitate to make move|-1
hesitation|-1
hold in contempt|-1
hold loose|-1
hold oneself responsible for a serious mistake|-1
hopelessness|-1
horrified|-1
hungry person is not choosy about his food|-1
hurl insults|-1
ignorance|-1
ignore|-1
ill at ease|-1
impatient|-1
impeach|-1
imprecate|-1
imprecation|-1
in a bad mood|-1
in a confused state of mind|-1
in a fit of anger|-1
in a fury|-1
in a rage|-1
in a state of alarm|-1
in a state of trepidation|-1
in a temper|-1
in a turmoil|-1
in anger|-1
in defiance of|-1
in fear and trepidation|-1
in low spirit|-1
in low spirits|-1
in tearless grief|-1
incredulous|-1
incur the wrath of God and the resentment of men|-1
incur widespread indignation and discontent|-1
indifferent|-1
indignant|-1
indignantly denounced|-1
indignantly resent|-1
insatiate|-1
insinuate|-1
insinuation|-1
intersperse one's talk with curses|-1
intolerable|-1
intolerably|-1
irate|-1
irritated|-1
it's a pity|-1
it's too bad|-1
joyless|-1
joylessness|-1
keep thinking about|-1
lachrymose|-1
lack in self-confidence|-1
lackadaisical|-1
lash out|-1
lash out at|-1
laugh away|-1
laugh merrily or cursing angrily|-1
lecture|-1
let ... off|-1
let loose a torrent of abuse|-1
let people off easily whenever possible|-1
letdown|-1
like grieves for like|-1
like riding a tiger|-1
listless|-1
loathe|-1
loathing|-1
look angery|-1
look as if one had lost one's parents|-1
look ashen|-1
look at each other in blank dismay|-1
look down on|-1
look down upon|-1
look extremely worried|-1
look for a hole to craw into|-1
look ghastly pale|-1
look irritated|-1
look pale|-1
look reluctant|-1
look serious|-1
look shameful|-1
look slightly irritated|-1
look sullen|-1
look upon sb. as mole cricket and ant|-1
look upon with hatred|-1
look utterly wretched|-1
lose confidence|-1
lose heart|-1
lose hope|-1
lose one's chastity|-1
lose one's temper|-1
lose sight of|-1
loudly rebuke|-1
low in spirit|-1
low-spirited|-1
low-spiritedness|-1
lower one's guard|-1
lugubrious|-1
make innuendoes|-1
make insinuations|-1
make light of|-1
make oblique accusations|-1
make oblique references|-1
make one's heart ache|-1
maledictory|-1
maltreatment by beating and scolding|-1
marvel|-1
marvel at|-1
melancholic|-1
melancholy|-1
mind|-1
misanthropic|-1
misanthropical|-1
miserable|-1
mock|-1
mockery|-1
moral indignation|-1
morose|-1
mournful|-1
mutter one's disapproval|-1
need great mental effort|-1
neglect|-1
neglectful|-1
nerve-racking|-1
nerve-wracking|-1
nervous|-1
nettled|-1
niggle|-1
not allow|-1
not approve of|-1
not be convinced|-1
not be in the mood for|-1
not be in the mood to|-1
not be inclined to|-1
not brook|-1
not care in the least|-1
not feel like doing|-1
not know whether to laugh or cry|-1
not know whether to laugh or to cry|-1
not matter|-1
not quite convinced|-1
not reconciled to|-1
not resigned to|-1
not worry at all|-1
nurse a bitter sense of wrong|-1
nurse a grievance|-1
nurse hatred|-1
object to|-1
one's heart still fluttering with fear|-1
openly condemn|-1
oppressed|-1
oppugn|-1
out of sorts|-1
overlook|-1
pained|-1
palpitate with anxiety and fear|-1
panic|-1
panic-stricken|-1
panic-striken|-1
panic-struck|-1
panicked|-1
panicky|-1
pardon|-1
pathetic|-1
penance|-1
penitence|-1
people are boiling with resentment|-1
perplexed and alarmed|-1
personal attack|-1
perturbed|-1
pick|-1
pick fault with|-1
pick holes|-1
piqued|-1
pity|-1
plaintive|-1
point at one but abuse another|-1
point at sb. and scold him|-1
pollute|-1
poor-spirited|-1
pour out a flood of abuse|-1
pour out endless grievance|-1
preoccupied|-1
profane|-1
protest|-1
pull a long face|-1
put on a long face|-1
put on a stern expression|-1
put on the back shelf|-1
put oneself in sb.'s shoes|-1
put the blame on|-1
put the blame on ... else|-1
question|-1
raise a hue and cry|-1
rampageous|-1
rancour|-1
rebuke|-1
rebuke oneself|-1
refutation|-1
refute|-1
regard as an enemy|-1
regard superciliously|-1
regret|-1
regret all one's life|-1
regret deeply|-1
regret to the end of one's days|-1
regret very much|-1
regretful|-1
remember with concern|-1
remorseful|-1
repent|-1
repent and redress one's errors|-1
repent remorsefully|-1
repentance|-1
repentant|-1
repentantly|-1
reprimand|-1
reproach|-1
reproach to one's face|-1
reproachful|-1
reproof|-1
reprove|-1
reprove oneself|-1
resent|-1
resentful|-1
restless with anxiety|-1
revil|-1
revile|-1
ride a tiger and find it hard to get off|-1
ridicule|-1
righteously indignat|-1
round|-1
rueful|-1
sad|-1
sad and anxious|-1
sad and miserable|-1
satire|-1
satirize|-1
say "no"|-1
scared|-1
scathingly denounce|-1
sceptical|-1
scoff at|-1
scold|-1
scold ... by enumerating his wrong-doings|-1
scold angrily and abusively|-1
scold roundly|-1
scolding|-1
scorn|-1
scornful|-1
scruple|-1
secret worry|-1
see red|-1
seething popular discontent|-1
seized with panic|-1
seized with terror|-1
self-reproach|-1
set a high demand on somebody in the hope that he will improve|-1
shake with fright|-1
shamefaced|-1
shamefacedness|-1
sheepish|-1
sheepishness|-1
shilly-shally|-1
shock|-1
shocked|-1
short-tempered|-1
shout abuse|-1
shout abuses|-1
shout abuses in the street|-1
shout at|-1
shout curses|-1
show bad emotions|-1
show contempt for|-1
show disdain for|-1
show no interest in|-1
show signs of anger|-1
show solicitude for|-1
show sympathy for|-1
shudder|-1
shy|-1
shyness|-1
sick at heart|-1
sigh|-1
skeptical|-1
slacken one's efforts|-1
slight|-1
smite the table and jump to one's feet|-1
sniffish|-1
snipe|-1
sorrow|-1
sorrow-stricken|-1
sorrowful|-1
sorry|-1
speak ill of|-1
speak sarcastically or ironically|-1
spit on and curse|-1
stamp with fury|-1
stampede|-1
stand in a corner|-1
stare blankly|-1
stare in anger|-1
stare tongue-tied|-1
stifled|-1
stop smiling|-1
straighten one's face|-1
stressful|-1
stun|-1
stunned|-1
stupefied|-1
suddenly feel suspicious|-1
suddenly turn hostile|-1
suffocated|-1
surprise|-1
surprised|-1
surprised and bewildered|-1
suspect|-1
suspicious|-1
swear|-1
sweat with shame|-1
sympathize|-1
sympathize with|-1
sympathy|-1
take a matter to heart|-1
take exception to|-1
take it out on|-1
take no heed|-1
take offence|-1
take on a mental burden|-1
take pains|-1
take pity on|-1
take the blame|-1
take things too hard|-1
take trouble|-1
taunt|-1
teach ... a lesson|-1
teach sb. a lesson|-1
tearful|-1
terrified|-1
terror-stricken|-1
the fox mourns the death of the hare|-1
there are a lot of complaints|-1
throw out innuendoes against|-1
timid|-1
to one's great disappointment|-1
too impatient to wait|-1
too late for regrets|-1
too late to repent|-1
treat ... as a trifle|-1
treat ... lightly|-1
treat casually|-1
treat lightly|-1
treat with indifference|-1
tremble with fear|-1
trifle with|-1
trouble about|-1
trouble back at home|-1
trying|-1
turn a blind eye|-1
turn pale at the mention of a tiger|-1
turn pale at the mere mention of something terrible|-1
turn pale with fear|-1
turn pale with fright|-1
turn up one's nose at|-1
unable to act impartially for fear of offending|-1
unable to hold oneself back|-1
unbelieving|-1
unbridledly rage|-1
uncertain|-1
underestimate|-1
understand|-1
understand and symathize with|-1
understand and sympathize with|-1
understanding|-1
unnerved|-1
unreconciled to|-1
unresigned|-1
unsatisfied|-1
unwilling|-1
unwilling to give up|-1
unwillingness|-1
upbraid|-1
upset|-1
use sarcastic remarks|-1
use the past to disparage the present|-1
utterly detest|-1
vacillate|-1
vacillation|-1
vent one's anger|-1
vent one's anger on ...|-1
vent one's spleen|-1
vexed|-1
voice grievances|-1
voice to stop or expel|-1
walk back and forth, not knowing which way to go|-1
wander|-1
waver|-1
wear a long face|-1
wear a worried look|-1
weighed down with anxieties|-1
weighed down with cares|-1
weighed down with sorrow|-1
will not spare a glance for|-1
wish ... evil|-1
with a deep feeling of grief|-1
with a guilty conscience|-1
with a shy look|-1
with a worried frown|-1
with anxiety gnawing at one's heart|-1
with bitter hatred|-1
with caution|-1
with complete apathy|-1
with deep sorrow|-1
with fear and trepidation|-1
with great grief|-1
with one's hair standing on end|-1
with reverence and awe|-1
without discrepancy|-1
wobble|-1
woebegone|-1
woeful|-1
wonder|-1
wonder at|-1
work off one's anger|-1
world-weary|-1
worried|-1
worried and apprehensive|-1
worried and indignant|-1
worry|-1
worry about|-1
worry and fear|-1
worry too much|-1
worry unnecessarily|-1
worry very much|-1
wrathful|-1
wring one's hand |-1
accept|1
accept as unavoidable|1
acceptance|1
acclaim|1
acclaim ... as the acme of perfection|1
acclaim with clicks of the tongue|1
acclaimation|1
acclamation|1
ache|1
achieve what one wishes|1
acknowledge|1
acknowledge one's indebtedness|1
acknowledge sb's superiority|1
acknowledgement|1
acknowledgment|1
acquiesce in|1
admiration|1
admire|1
admire greatly|1
admirration|1
admissive|1
adopt|1
adoption|1
adoration|1
adore|1
advocate|1
affectionate|1
afford general satisfaction|1
affording general satisfaction|1
after one's own heart|1
agree|1
agree with|1
agreement|1
allow|1
anxiously expect|1
anxiously gaze till one's eyes are strained|1
appetence|1
appetency|1
applaud|1
applause|1
appreciate|1
appreciate the kindness|1
appreciation|1
approval|1
approve|1
approve of|1
ardently love|1
as if one had found a treasure|1
as one wishes|1
aspire after|1
assent|1
assume an air of complacency|1
assume an air of self-approbation|1
assume an air of self-conceit|1
attach importance to|1
attempt|1
attend to|1
await|1
await the arrival of|1
award|1
award people according to their contributions|1
back|1
back sb.up|1
back up|1
be absorbed in|1
be accorded|1
be all smiles|1
be amused|1
be attentive|1
be bent on|1
be beside oneself with joy|1
be burning with jealousy|1
be captivated|1
be careful|1
be carried away|1
be caught in the snares of love|1
be cautious|1
be charmed|1
be choosy|1
be comfortable|1
be complacent|1
be concerning with|1
be content with|1
be content with one's lot|1
be contented|1
be crazy about|1
be curious|1
be deeply concerned|1
be deeply grateful|1
be deeply in love|1
be delighted that things are better than one expected|1
be disposed to|1
be dying to|1
be eager to have a try|1
be eager to help|1
be elated|1
be enchanted|1
be enthusiastic about|1
be envious|1
be envious of|1
be fascinated|1
be fascinated by|1
be fastidious|1
be filled with admiration|1
be filled with exultation|1
be flushed with success|1
be fond of|1
be free from worry|1
be full of curiosity|1
be glad and thankful|1
be glad to|1
be granted|1
be granted a favour|1
be grateful|1
be gratified|1
be greedy for|1
be green-eyed|1
be happy|1
be happy to|1
be head over heels in love|1
be in favour of|1
be in joyful mood|1
be in love with|1
be indebted|1
be infatuated|1
be interested|1
be interested in|1
be intimate|1
be intoxicated|1
be jealous|1
be jealous of|1
be just what one hopes for|1
be keen as mustard|1
be keen on|1
be loyal|1
be merry and lively|1
be most willing to|1
be much obliged|1
be obliged|1
be obsessed|1
be only too anxious to|1
be overjealous|1
be overjoyed|1
be overwhelmed with joy|1
be partial to|1
be particular about|1
be passionately devoted|1
be perfectly content|1
be perfectly happy to|1
be pleasantly surprised|1
be pleased|1
be pleased with oneself|1
be possessed|1
be proud of oneself|1
be radiant with joy|1
be rapt|1
be ready|1
be ready to|1
be reconciled to|1
be refreshed|1
be reluctant to part|1
be reluctant to part with|1
be satisfied|1
be self-satisfied|1
be sentimentally attached to|1
be spellbound|1
be thankful|1
be to one's liking|1
be very fond of|1
be very keen on|1
be very pleased with oneself|1
be very worried about|1
be wild with joy|1
be willing|1
be willing to|1
be worthy of|1
be wrapped up in|1
beaming with joy|1
beaming with satisfaction|1
bestow favour on|1
bless|1
boisterously entertaining|1
bolster up|1
boost|1
bother|1
bow|1
bow and scrape|1
build up sb.'s public image|1
buoyant|1
burst with joy|1
by the emperor himself|1
cable a message of congratulations|1
cannot bear to part|1
care|1
care about|1
care for|1
care for tenderly|1
carefree|1
carefree and joyous|1
caress|1
carry|1
carry out public memorial ceremony|1
catch the fancy of|1
celebrate|1
celebrate in song|1
celebration|1
centralization|1
centralize|1
centre|1
cheer|1
cheerful|1
cheerfully|1
cheers resound like rolls of thunder|1
cherish|1
cherish the memory of|1
chrish deeply|1
citation|1
cite|1
clap one's hands and express one's gratification|1
clap one's hands and shout "Well done!"|1
coddle|1
come out to meet|1
come to an agreement|1
comfortable|1
commend|1
commend and award|1
commendation|1
commendment|1
complacence|1
complacency|1
complacent|1
complacently|1
compliment|1
concentrate|1
concentrate on|1
concentration|1
concern oneself with|1
congratulate|1
congratulate each other|1
congratulate with respect|1
congratulation|1
consecrate|1
consecration|1
consent|1
consider|1
consideration|1
content|1
contented|1
contentment|1
cosset|1
count on|1
covet|1
craving|1
crazy about|1
cry for|1
cupped-hand salute|1
dance for joy|1
dare|1
deeply respect|1
deign to approve|1
delighted|1
delightedly|1
demand|1
deserve to be called|1
desire|1
devote a lot of care|1
dispense rewards or honors according to merit|1
display filial piety|1
do ... on one's own|1
do obeisance|1
dote on|1
draw a circle to show approval|1
dream in the night|1
dream of|1
drool|1
eagerly look forward to|1
ecstatic|1
elated|1
embosom|1
enchanted|1
encourage|1
encourage and reward|1
encourage by promoting and rewarding|1
encouragement|1
endorse|1
endorse a project|1
endorsement|1
enjoyable|1
enormously proud of one's success|1
enraptured|1
enshrine and worship|1
enthralled|1
entirely free from worry|1
entranced|1
envious|1
envy|1
esteem|1
eulogise|1
eulogize|1
eulogy|1
everybody is happy|1
exalt|1
excessively praise|1
exclaim in admiration|1
expect|1
expectation|1
express admiration for|1
express appreciation|1
express good wishes|1
express one's admiration|1
express one's agreement|1
express one's gratification|1
express one's gratitude|1
express one's thanks|1
extend one's congratulations|1
extend one's greetings|1
extend thanks|1
extol|1
exultant|1
exultation|1
fain|1
fall in love|1
fall in love with|1
fascinated|1
favor|1
favour|1
feed mother birds|1
feel attached to|1
feel complacent|1
feel concerned|1
feel deep anxiety about|1
feel deeply attached to|1
feel grateful|1
feel grateful as a personal kindness|1
feel grateful to|1
feel gratified|1
feel happy|1
feel indebted|1
feel like|1
feel no qualms|1
feel no qualms upon self-examination|1
feel nostalgic about|1
feel pleased|1
feel proud and elated|1
feel relieved|1
feel transported|1
feeling pleased|1
felicitate|1
felicitation|1
filled with joy|1
find ... satisfactory|1
fit in exactly with one's wishes|1
fix one's mind on|1
focus|1
focus one's attention upon|1
follow with interest|1
fondle|1
fondle admiringly|1
forget oneself|1
franchise|1
free from inhibition|1
free from inhibitions|1
free from worry|1
full of joy|1
fully deserve|1
gasp in admiration|1
gay|1
get dizzy with success|1
get on in the world|1
give a lot of care|1
give a reward|1
give a salute|1
give an ovation to|1
give consideration to|1
give free rein to one's thoughts and feeling|1
give much care and thought|1
give priority to|1
give tacit consent to|1
give the green light|1
glad|1
gladfulness|1
gladly|1
gladness|1
gladsomeness|1
glee|1
gleefulness|1
glorify|1
glorify ... by erecting a monument writing the biography|1
go into raptures|1
go out to meet|1
go to meet|1
grant|1
gratified|1
gravitate|1
great expectation|1
great rejoicing|1
greedy for|1
greet|1
hallow|1
hanker|1
hanker after|1
happily|1
happy|1
happy and carefree|1
happy and gay|1
happy and harmonious|1
happy and pleased with oneself|1
have ... in mind|1
have a clear conscience|1
have a feeling caused by something nice|1
have a good opinion of|1
have a love affair|1
have a mind to|1
have a partiality for sth.|1
have a special fondness for sth.|1
have extravagant hopes|1
have fond dream|1
have gracious concern|1
have long been looking forward with eager expectancy|1
have one's head turned by success|1
have one's wish fulfilled|1
have partiality for|1
have sth. in mind|1
have tender affection for|1
have the audacity to|1
have the impertinence to|1
have wild wishes|1
heartly admire|1
high-spirited|1
highly praise|1
highly respect|1
hilarious|1
hilarity|1
hold a memorial ceremony|1
hold a memorial ceremony for|1
hold dear|1
hold in deep respect|1
hold in esteem|1
honor|1
honour|1
hope|1
hope earnestly|1
hope for|1
in an attempt to|1
in great delight|1
in high spirits|1
in the hope of|1
inquisitive|1
insouciant|1
intend to|1
intercede for|1
itch to have a go|1
jealous|1
jealousy|1
jocund|1
jolly|1
jovial|1
joyful|1
joyous|1
joyously|1
jubilance|1
jubilancy|1
jubilant|1
jubilation|1
keep|1
keep a close watch on|1
keep an eye on|1
keep one's eyes open|1
keep sth. in mind|1
kotow|1
kowtow|1
languish|1
laud|1
laughing and joking|1
laughing merrily|1
lay equal stress on|1
lay particular emphasis on|1
lay stress on|1
light up with pleasure|1
light-hearted|1
lighthearted|1
like|1
line the street to welcome|1
long|1
long for|1
long for day and night|1
look after|1
look back nostalgically|1
look exhilarated|1
look forward to|1
look happy|1
look long and steadily upon|1
look out|1
look pleased with oneself|1
look to|1
look up to|1
look upon sb. with favour|1
looking up to|1
love|1
love and esteem|1
love dearly|1
love me, love my dog|1
love tenderly|1
madly cling to|1
make a bow|1
make a bow with hands clasped|1
make a fetish of|1
make a pet of|1
make an exception in sb.'s favour|1
make bold|1
many thanks|1
meet|1
merry|1
mind|1
mirth|1
mirthful|1
mirthfulness|1
miss|1
miss badly|1
mollycoddle|1
most gratifying to the people|1
need|1
nod agreement|1
nod approval|1
nod assent|1
nod one's approval|1
not for the sake of the monk but for that of the Buddha|1
not hesitate to|1
not mind|1
not object to|1
not scruple to|1
not tire of|1
observe|1
offer a reward|1
offer a sacrifice to|1
offer sacrifice to|1
offer sacrifices and pray for rain|1
offer sacrifices to|1
offer sacrifices to gods or ancesters|1
offer sacrifices to the gods or the spirits of the dead|1
out of admiration|1
overjoyed|1
overpraise|1
pamper|1
pass|1
pay attention to|1
pay close attention to|1
pay equal attention to|1
pay homage|1
pay homage to|1
pay one's respect to|1
pay one's respects to|1
pay religious homage|1
pay respect to|1
pay special attention to|1
pay tribute to|1
permissible|1
permission|1
permissive|1
permit|1
pick and choose|1
pine|1
piously worship|1
place particular stress on|1
pleasantly surprised|1
pleased|1
post a reward|1
pour a libation|1
praisal|1
praise|1
praise and honour|1
praise highly|1
pray and say thanks for peace and prosperity|1
prefer|1
preference|1
present oneself to|1
prize|1
promote|1
promotion|1
prop|1
prop up|1
prostrate oneself|1
prostrate oneself in worship|1
put in a good word|1
put in a good word for|1
put in good word|1
put one's hand on one's forehead in jubilation|1
put two palms together|1
quite pleased|1
radiant with happiness|1
raptured|1
rapturous|1
ratification|1
ratify|1
readiness|1
receive|1
reception|1
recognize the worth of|1
regard as important|1
regard as positive|1
regard highly|1
rejoice|1
relaxed and happy|1
remember with longing|1
request granted|1
require|1
requirement|1
resign oneself to|1
respect|1
respect and admire|1
respect and love|1
rest content|1
return a compliment|1
return a salute|1
revel in|1
revere|1
reverence|1
reward|1
reward ... with bounties|1
reward and promote|1
reward with food and drink|1
reward with gifts or money, food, drink etc.|1
rhapsodic|1
sacrifice and renovate|1
salutation|1
salute|1
salute by going down on one knee|1
sanction|1
satisfied|1
see from the angle of|1
see in|1
see off those who depart and welcome those who arrive|1
see the parting guests and welcome the new arrivals|1
see what is right and have the courage to do it|1
seeing the thing one thinks of the person|1
self-Contented|1
self-complacency|1
self-satisfaction|1
self-satisfied|1
set store by|1
shed grateful tears|1
shore up|1
shout "Bravo!"|1
shout "Well done!"|1
show appreciation for sb.|1
show consideration for and take care to preserve|1
show due respect for sb's feelings|1
show favouritism to|1
show filial obedience|1
show good will|1
show kind concern for|1
show loving care for|1
show one's concern over|1
show one's joy|1
show respect|1
show respect for|1
show self-satisfaction|1
show solicitude for|1
show tender affection for|1
show tender care for|1
show the utmost solicitude|1
side with|1
sigh with admiration|1
sing praises|1
sing the praise of|1
sing the praises of|1
smug|1
spare sb's feelings|1
speak approvingly of|1
speak favorably of|1
speak highly of|1
speak of ... in glowing terms|1
spoil|1
stand by|1
stand for|1
stand on tiptoe and look forward to|1
stay up late on New Year's Eve|1
steel one's heart|1
stress|1
stress one aspect at the expense of anther|1
strongly advocate|1
support|1
tacitly approve|1
tacitly consent to|1
take ... to heart|1
take a fancy to|1
take a lot of trouble|1
take account of|1
take an interest in|1
take as fovorite|1
take care|1
take good care of|1
take into account|1
take into consideration|1
take note of|1
take notice of|1
take pleasure in|1
take sb.'s part|1
take seriously|1
telegraph one's congratulations to sb.|1
thank|1
thank ... with a gift|1
thank goodness|1
thank heaven|1
thank you|1
thanks|1
think about|1
think fondly of|1
think highly of|1
think longingly of sb. far away|1
think of|1
think of ... with respect|1
think of in the day|1
thirst for|1
thoroughly delighted|1
thump on the table and shout "bravo!"|1
to expect|1
to one's liking|1
to one's satisfaction|1
to the immense satisfaction of the people|1
to the satisfaction of all|1
treasure|1
true love|1
unanimously agree|1
unanimously praise|1
uphold|1
vainly hope|1
value|1
value as a rarity|1
value highly|1
value highly and use sparingly|1
venerate|1
veneration|1
venture|1
very pleased with oneself|1
view from the angle of|1
viewy|1
volunteer|1
wait anxiously|1
want|1
want to|1
warm|1
welcome|1
well-Content|1
well-pleasing|1
whole world or nation joins in the jubilation|1
wild with joy|1
willingness|1
wish|1
wish anxiously|1
wish for|1
wish to|1
wishful|1
with boundless joy|1
with dancing eyebrows and radiant face-enraptured|1
with enthusiasm|1
with heroic spirit|1
with justice on one's side, one is bold and assured|1
with keen interest|1
worry|1
worship|1
worship on bent knees|1
would like to|1
would rather|1
yearn|1
yearn day and night|1
yearn for|1
yearn for day and night|1
yen|1
傒倖|-1
忷|-1
恟|-1
懆懆|-1
搥胸顿足|-1
哀|-1
哀哀切切|-1
哀愁|-1
哀怜|-1
哀悯|-1
哀戚|-1
哀凄|-1
哀切|-1
哀伤|-1
哀痛|-1
哀痛欲绝|-1
哀怨|-1
哀恸|-1
哀矜|-1
傲视|-1
懊|-1
懊恨|-1
懊悔|-1
懊恼|-1
懊丧|-1
百无聊赖|-1
败兴|-1
板|-1
板脸|-1
板面孔|-1
板起脸|-1
板着脸|-1
板着面孔|-1
半信半疑|-1
包涵|-1
包容|-1
褒贬|-1
睖睁|-1
薄|-1
抱不平|-1
抱憾|-1
抱憾终身|-1
抱恨|-1
抱恨终生|-1
抱恨终天|-1
抱疚|-1
抱愧|-1
抱歉|-1
抱怨|-1
暴跳|-1
暴跳如雷|-1
杯弓蛇影|-1
悲|-1
悲哀|-1
悲愁|-1
悲观失望|-1
悲悯|-1
悲戚|-1
悲凄|-1
悲切|-1
悲切切|-1
悲伤|-1
悲酸|-1
悲天悯人|-1
悲痛|-1
悲痛欲绝|-1
悲怆|-1
悲恸|-1
悲恻|-1
背包袱|-1
绷|-1
绷脸|-1
绷着脸|-1
鼻酸|-1
鄙|-1
鄙薄|-1
鄙贱|-1
鄙弃|-1
鄙视|-1
鄙夷|-1
鞭挞|-1
贬斥|-1
变脸|-1
变色|-1
变心|-1
表示坏情感|-1
憋|-1
憋得慌|-1
憋闷|-1
憋气|-1
憋屈|-1
憋着一肚子气|-1
勃然大怒|-1
驳难|-1
驳议|-1
不待见|-1
不甘|-1
不甘心|-1
不顾|-1
不过意|-1
不寒而栗|-1
不好过|-1
不好意思|-1
不快|-1
不落忍|-1
不满|-1
不满意|-1
不满足|-1
不念旧恶|-1
不平|-1
不容|-1
不是味儿|-1
不是滋味|-1
不是滋味儿|-1
不爽|-1
不死心|-1
不同意|-1
不闻不问|-1
不屑|-1
不屑一顾|-1
不屑于|-1
不以为然|-1
不愿|-1
不愿意|-1
不悦|-1
不赞成|-1
不赞同|-1
不忠|-1
不忠诚|-1
怖|-1
猜忌|-1
猜嫌|-1
猜疑|-1
惭|-1
惭惶|-1
惭愧|-1
惨痛|-1
仓皇失措|-1
藏奸|-1
操心|-1
诧|-1
诧异|-1
诧愕|-1
嘲骂|-1
嘲谑|-1
沉闷|-1
沉痛|-1
沉吟|-1
沉郁|-1
沉重|-1
诚惶诚恐|-1
吃不准|-1
吃错药|-1
吃后悔药|-1
痴愣|-1
持异议|-1
迟疑|-1
迟疑不决|-1
耻骂|-1
斥|-1
斥骂|-1
斥责|-1
踌躇|-1
踌躇不决|-1
踌躇不前|-1
愁|-1
愁惨|-1
愁肠百结|-1
愁眉不展|-1
愁眉紧锁|-1
愁眉苦脸|-1
愁眉锁眼|-1
愁闷|-1
愁容满面|-1
仇恨|-1
仇视|-1
臭骂|-1
出气|-1
出神|-1
吹胡子瞪眼|-1
捶胸顿足|-1
垂怜|-1
垂头丧气|-1
戳壁脚|-1
戳脊梁骨|-1
刺打|-1
蹿火|-1
错愕|-1
打骂|-1
打入冷宫|-1
打入十八层地狱|-1
打问号|-1
打怵|-1
打憷|-1
大吃一惊|-1
大跌眼镜|-1
大动肝火|-1
大发雷霆|-1
大惊失色|-1
大骂|-1
大失所望|-1
呆|-1
呆若木鸡|-1
呆怔|-1
呆滞|-1
呆住|-1
呆愣愣|-1
贷|-1
担惊受怕|-1
担心|-1
担忧|-1
胆颤心惊|-1
胆寒|-1
胆战心惊|-1
惮|-1
当紧|-1
当头棒喝|-1
得饶人处且饶人|-1
等不及|-1
等闲视之|-1
瞪眼|-1
低沉|-1
低落|-1
敌视|-1
惦|-1
惦挂|-1
惦记|-1
惦念|-1
掉魂|-1
掉以轻心|-1
跌眼镜|-1
动肝火|-1
动火|-1
动怒|-1
动气|-1
动摇|-1
恫|-1
斗|-1
斗争|-1
堵|-1
堵得慌|-1
堵心|-1
断肠|-1
断魂|-1
顿生疑窦|-1
顿足捶胸|-1
多虑|-1
多有微词|-1
恶|-1
恶骂|-1
扼腕|-1
耳热|-1
发愁|-1
发呆|-1
发狠|-1
发火|-1
发急|-1
发牢骚|-1
发毛|-1
发怒|-1
发脾气|-1
发怔|-1
发指|-1
发作|-1
发怵|-1
发愣|-1
发憷|-1
发飙|-1
翻然悔悟|-1
烦|-1
烦愁|-1
烦闷|-1
烦恼|-1
烦腻|-1
烦扰|-1
烦神|-1
烦厌|-1
烦忧|-1
烦躁|-1
反唇相讥|-1
反感|-1
犯愁|-1
犯急|-1
犯难|-1
犯疑心病|-1
犯怵|-1
犯憷|-1
非常悲哀|-1
非难|-1
非议|-1
费精神|-1
费神|-1
忿忿|-1
忿忿不平|-1
忿忿然|-1
忿恨|-1
忿怒|-1
忿恚|-1
忿懑|-1
愤愤|-1
愤愤不平|-1
愤愤然|-1
愤恨|-1
愤怒|-1
愤世嫉俗|-1
愤懑|-1
讽|-1
讽刺|-1
付之一笑|-1
负疚|-1
负气|-1
肝肠寸断|-1
感伤|-1
给 ... 当头棒喝|-1
给 ... 一点颜色看看|-1
攻击|-1
骨鲠在喉|-1
顾忌|-1
顾虑|-1
顾虑重重|-1
顾念|-1
寡欢|-1
挂|-1
挂怀|-1
挂火|-1
挂记|-1
挂虑|-1
挂念|-1
挂牵|-1
挂心|-1
怪|-1
怪罪|-1
光火|-1
过不去|-1
过分操心|-1
过虑|-1
过意不去|-1
害怕|-1
害羞|-1
害臊|-1
骇|-1
骇怪|-1
骇惧|-1
骇怕|-1
骇然失色|-1
骇异|-1
骇愕|-1
含悲|-1
含愤|-1
含恨|-1
含怒|-1
含沙射影|-1
含羞|-1
含怨|-1
涵容|-1
寒|-1
寒心|-1
憾|-1
悍然不顾|-1
汗颜|-1
毫不在乎|-1
呵|-1
呵斥|-1
呵责|-1
呵叱|-1
喝斥|-1
喝叱|-1
恨|-1
恨入骨髓|-1
恨铁不成钢|-1
恨之入骨|-1
红脸|-1
红眼|-1
猴儿急|-1
后顾之忧|-1
后悔|-1
后悔莫及|-1
后怕|-1
忽略|-1
忽视|-1
狐疑不决|-1
虎着脸|-1
怀恨|-1
怀恨在心|-1
怀疑|-1
坏情|-1
患|-1
荒|-1
荒废|-1
慌恐|-1
皇皇|-1
惶|-1
惶惶|-1
惶惶不安|-1
惶惶不可终日|-1
惶惶然|-1
惶惑|-1
惶惧|-1
惶恐|-1
惶恐不安|-1
惶然|-1
惶然不安|-1
惶悚|-1
惶遽|-1
灰溜溜|-1
灰头灰脸|-1
灰头土脸|-1
灰心|-1
灰心丧气|-1
回头|-1
悔|-1
悔不当初|-1
悔不该|-1
悔恨|-1
悔悟|-1
悔之不及|-1
悔之晚矣|-1
悔之无及|-1
魂不附体|-1
魂飞魄散|-1
魂飞天外|-1
火|-1
火急火燎|-1
火冒三丈|-1
火烧火燎|-1
火头上|-1
饥不择食|-1
激愤|-1
讥嘲|-1
讥刺|-1
讥讽|-1
讥讪|-1
讥诮|-1
鸡蛋里挑骨头|-1
极度悲哀|-1
极度悲伤|-1
急|-1
急巴巴|-1
急急巴巴|-1
急死|-1
急眼|-1
疾|-1
嫉恨|-1
悸栗|-1
忌|-1
忌惮|-1
忌恨|-1
见怪|-1
见罪|-1
将心比心|-1
将信将疑|-1
焦愁|-1
焦急|-1
焦虑|-1
焦心|-1
焦炙|-1
焦灼|-1
娇羞|-1
教训|-1
叫苦|-1
叫苦不迭|-1
叫苦连天|-1
叫骂|-1
叫嚣|-1
解气|-1
借古讽今|-1
介怀|-1
介意|-1
进退两难|-1
进退维谷|-1
惊|-1
惊怖|-1
惊诧|-1
惊呆|-1
惊怪|-1
惊骇|-1
惊慌|-1
惊慌失措|-1
惊惶|-1
惊惧|-1
惊恐|-1
惊怕|-1
惊奇|-1
惊奇不已|-1
惊叹|-1
惊讶|-1
惊疑|-1
惊异|-1
惊悚|-1
惊愕|-1
窘|-1
窘迫|-1
揪心|-1
疚愧|-1
拘束|-1
举棋不定|-1
沮|-1
沮丧|-1
惧|-1
惧怕|-1
眷顾|-1
觉得自己理亏|-1
绝望|-1
开炮|-1
看扁|-1
看不惯|-1
看不开|-1
看不起|-1
看不上|-1
看不上眼|-1
看不顺眼|-1
看淡|-1
看低|-1
看轻|-1
抗议|-1
苛察|-1
苛责|-1
可怜|-1
可惜|-1
恐|-1
恐慌|-1
恐惧|-1
口诛笔伐|-1
哭丧着脸|-1
哭笑不得|-1
苦闷|-1
苦恼|-1
苦涩|-1
宽贷|-1
宽假|-1
宽免|-1
宽赦|-1
宽恕|-1
宽宥|-1
狂怒|-1
亏心|-1
愧|-1
愧对|-1
愧汗|-1
愧恨|-1
愧悔|-1
愧疚|-1
愧怍|-1
愧恧|-1
愧赧|-1
困窘|-1
困迫|-1
拉不下脸|-1
拉不下脸来|-1
拉长个脸|-1
拉下脸|-1
拉下脸来|-1
来火|-1
来气|-1
赖|-1
懒得|-1
懒洋洋|-1
劳神|-1
老羞成怒|-1
冷嘲热讽|-1
冷淡|-1
怜|-1
怜悯|-1
怜惜|-1
怜恤|-1
脸红脖子粗|-1
脸红耳热|-1
脸皮薄|-1
脸上下不来|-1
凉|-1
两难|-1
亮红灯|-1
谅|-1
谅解|-1
虑|-1
乱|-1
乱了方寸|-1
骂|-1
骂不绝口|-1
骂大街|-1
骂得狗血淋头|-1
骂得狗血喷头|-1
骂街|-1
骂骂咧咧|-1
骂娘|-1
骂人|-1
埋没|-1
埋汰|-1
埋怨|-1
满不在乎|-1
满脸愁雾|-1
漫骂|-1
谩骂|-1
毛骨悚然|-1
冒火|-1
没个好脸|-1
没精打采|-1
没意思|-1
没有好脸|-1
闷|-1
闷沉沉|-1
闷闷|-1
闷闷不乐|-1
闷郁|-1
面斥|-1
面带怒色|-1
面带嗔色|-1
面面相觑|-1
面如死灰|-1
面如土色|-1
面无人色|-1
面有愧色|-1
面有难色|-1
面有愠色|-1
藐视|-1
蔑|-1
蔑视|-1
民怨沸腾|-1
悯|-1
鸣不平|-1
鸣冤叫屈|-1
摸不准|-1
磨不开|-1
抹不开|-1
漠然视之|-1
漠然置之|-1
漠视|-1
木然|-1
目瞪口呆|-1
纳罕|-1
难|-1
难过|-1
难堪|-1
难受|-1
难为情|-1
恼|-1
恼恨|-1
恼火|-1
恼怒|-1
恼羞成怒|-1
闹脾气|-1
闹情绪|-1
闹性子|-1
馁|-1
内疚|-1
腻|-1
腻烦|-1
腻歪|-1
腻味|-1
捏把汗|-1
捏一把汗|-1
怒|-1
怒不可遏|-1
怒斥|-1
怒冲冲|-1
怒发冲冠|-1
怒喝|-1
怒火冲天|-1
怒火中烧|-1
怒骂|-1
怒目|-1
怒气冲冲|-1
怒气冲天|-1
怒形于色|-1
怒叱|-1
怕|-1
怕生|-1
怕羞|-1
拍案而起|-1
排揎|-1
徘徊|-1
派不是|-1
旁敲侧击|-1
抨|-1
抨击|-1
批|-1
批斗|-1
苶|-1
皮里阳秋|-1
屁滚尿流|-1
偏废|-1
品头论足|-1
评头论足|-1
评头品足|-1
颇有微词|-1
破口大骂|-1
魄散魂飞|-1
迫不及待|-1
戚戚|-1
戚然|-1
七窍生烟|-1
凄惶|-1
凄切|-1
凄然|-1
凄酸|-1
凄婉|-1
凄怨|-1
凄恻|-1
歧视|-1
骑虎难下|-1
起疑心|-1
气|-1
气昂昂|-1
气不忿|-1
气不过|-1
气不平|-1
气冲冲|-1
气冲牛斗|-1
气短|-1
气忿|-1
气忿忿|-1
气愤|-1
气愤愤|-1
气鼓鼓|-1
气狠狠|-1
气哼哼|-1
气呼呼|-1
气乎乎|-1
气急败坏|-1
气恼|-1
气馁|-1
气头上|-1
气汹汹|-1
牵念|-1
迁怒|-1
谴|-1
谴责|-1
歉然|-1
歉甚|-1
瞧不起|-1
瞧不上|-1
瞧不上眼|-1
切齿|-1
切齿痛恨|-1
怯|-1
怯阵|-1
轻|-1
轻忽|-1
轻看|-1
轻蔑|-1
轻视|-1
清算|-1
穷极无聊|-1
饶|-1
饶人|-1
饶恕|-1
惹气|-1
人身攻击|-1
忍让|-1
柔肠百结|-1
柔肠寸断|-1
如泣如诉|-1
如丧考妣|-1
如鲠在喉|-1
辱骂|-1
撒气|-1
三心二意|-1
丧胆|-1
丧魂落魄|-1
丧气|-1
丧志|-1
扫兴|-1
杀气|-1
傻眼|-1
伤|-1
伤悲|-1
伤怀|-1
伤神|-1
伤心|-1
慑|-1
申斥|-1
申讨|-1
申饬|-1
深恶痛绝|-1
深以为异|-1
声讨|-1
生恐|-1
生怕|-1
生气|-1
生疑|-1
失悔|-1
失节|-1
失神|-1
失望|-1
失意|-1
使性子|-1
示不满|-1
示不同意|-1
示怒|-1
势成骑虎|-1
视同儿戏|-1
视同蝼蚁|-1
首鼠两端|-1
受窘|-1
疏|-1
数落|-1
数说|-1
恕|-1
恕宥|-1
说|-1
说不|-1
说风凉话|-1
说怪话|-1
酸|-1
酸楚|-1
酸溜溜|-1
缩头缩脑|-1
谈虎色变|-1
讨|-1
讨厌|-1
提心吊胆|-1
啼笑皆非|-1
体谅|-1
体念|-1
体惜|-1
体恤|-1
天怒人怨|-1
挑刺儿|-1
挑毛病|-1
同病相怜|-1
同情|-1
痛|-1
痛不欲生|-1
痛斥|-1
痛恶|-1
痛恨|-1
痛骂|-1
痛惜|-1
痛心|-1
痛心疾首|-1
痛责|-1
投诉|-1
兔死狐悲|-1
颓|-1
颓废|-1
颓靡|-1
颓然|-1
颓丧|-1
颓唐|-1
唾骂|-1
挖苦|-1
玩|-1
玩忽|-1
玩世不恭|-1
惋|-1
惋惜|-1
万箭穿心|-1
万念俱灰|-1
往心里去|-1
望而生畏|-1
微愠|-1
唯恐|-1
惟恐|-1
为难|-1
萎靡|-1
委决不下|-1
委靡|-1
委屈|-1
委罪|-1
畏|-1
畏忌|-1
畏惧|-1
畏葸|-1
闻风丧胆|-1
问心有愧|-1
窝火|-1
窝囊|-1
窝气|-1
窝心|-1
无地自容|-1
无精打采|-1
无聊|-1
无名火起|-1
无视|-1
无所谓|-1
无心|-1
无意|-1
物伤其类|-1
惜|-1
系|-1
系念|-1
戏侮|-1
下不来台|-1
下不了台|-1
衔恨|-1
衔冤|-1
嫌|-1
嫌恶|-1
嫌弃|-1
嫌厌|-1
嫌憎|-1
想不开|-1
向 ... 问罪|-1
向隅|-1
向隅而泣|-1
消沉|-1
小看|-1
小瞧|-1
小视|-1
笑骂|-1
泄劲|-1
泄气|-1
心胆俱裂|-1
心烦|-1
心烦意乱|-1
心寒|-1
心灰意懒|-1
心灰意冷|-1
心急|-1
心急火燎|-1
心急如焚|-1
心急如火|-1
心焦|-1
心焦如焚|-1
心惊胆颤|-1
心惊胆战|-1
心惊肉跳|-1
心里堵得慌|-1
心情沉重|-1
心如刀割|-1
心如刀绞|-1
心如死灰|-1
心酸|-1
心碎|-1
心疼|-1
心痛|-1
心虚|-1
心绪沉落|-1
心有余悸|-1
杏眼圆睁|-1
羞|-1
羞惭|-1
羞答答|-1
羞恶|-1
羞窘|-1
羞愧|-1
羞怯|-1
羞人|-1
羞人答答|-1
羞涩|-1
羞羞答答|-1
羞于|-1
羞臊|-1
羞赧|-1
虚惊|-1
嘘|-1
恤|-1
絮烦|-1
悬|-1
悬念|-1
悬系|-1
悬心|-1
训斥|-1
训戒|-1
训诫|-1
讶|-1
讶然|-1
讶然失色|-1
讶异|-1
厌|-1
厌恶|-1
厌烦|-1
厌恨|-1
厌倦|-1
厌腻|-1
厌气|-1
厌弃|-1
摇摆|-1
要紧|-1
一怒之下|-1
一气之下|-1
一怔|-1
遗憾|-1
疑|-1
疑惑|-1
疑忌|-1
疑虑|-1
疑虑重重|-1
疑神疑鬼|-1
抑郁|-1
抑郁寡欢|-1
意意思思|-1
义愤|-1
义愤填膺|-1
异|-1
阴郁|-1
引咎|-1
引咎自责|-1
隐忧|-1
幽忧|-1
忧|-1
忧愁|-1
忧烦|-1
忧愤|-1
忧惧|-1
忧虑|-1
忧闷|-1
忧伤|-1
忧思|-1
忧心|-1
忧心如焚|-1
忧心忡忡|-1
忧郁|-1
忧怨|-1
忧悒|-1
犹疑|-1
犹豫|-1
油煎火燎|-1
游移|-1
有愧|-1
于心有愧|-1
虞|-1
郁|-1
郁闷|-1
郁郁不乐|-1
郁郁寡欢|-1
欲哭无泪|-1
詟|-1
原|-1
原谅|-1
原宥|-1
怨|-1
怨恨|-1
怨悔|-1
怨声载道|-1
怨天尤人|-1
在乎|-1
糟心|-1
责|-1
责备|-1
责斥|-1
责怪|-1
责骂|-1
责难|-1
责怨|-1
憎|-1
憎恶|-1
憎恨|-1
咋舌|-1
炸|-1
瞻前顾后|-1
战兢兢|-1
战战兢兢|-1
张口结舌|-1
找茬|-1
找茬儿|-1
找碴|-1
找碴儿|-1
找岔子|-1
针砭|-1
震|-1
震惊|-1
震怒|-1
震悚|-1
睁一眼闭一眼|-1
睁一只眼闭一只眼|-1
睁只眼闭只眼|-1
怔|-1
怔神儿|-1
怔怔|-1
怔住|-1
怔忪|-1
直眉瞪眼|-1
指斥|-1
指鸡骂狗|-1
指桑骂槐|-1
指责|-1
指摘|-1
置疑|-1
置于脑后|-1
置之不顾|-1
置之不理|-1
置之度外|-1
置之脑后|-1
质疑|-1
滞呆|-1
周恤|-1
咒|-1
咒骂|-1
咒诅|-1
抓瞎|-1
椎心泣血|-1
追悔|-1
追悔莫及|-1
着急|-1
着忙|-1
自暴自弃|-1
自惭形秽|-1
自咎|-1
自疚|-1
自馁|-1
自怨自艾|-1
自责|-1
诅|-1
诅骂|-1
诅咒|-1
左右两难|-1
左右为难|-1
做贼心虚|-1
作难|-1
作色|-1
倥|-1
讪讪|-1
诃|-1
诘|-1
诟|-1
诟病|-1
诮|-1
诶|-1
谇|-1
谪|-1
矍|-1
芴|-1
菀|-1
葸|-1
奚落|-1
奚幸|-1
尴尬|-1
挹|-1
掎|-1
掊|-1
掊击|-1
摭|-1
撸|-1
撺|-1
叱|-1
叱骂|-1
叱责|-1
哓|-1
呲|-1
啧有烦言|-1
嗔|-1
嗔斥|-1
嗔怪|-1
嗔怒|-1
嗤之以鼻|-1
嘀咕|-1
噍|-1
彷|-1
彷徨|-1
忏|-1
忏悔|-1
怃|-1
怄|-1
怄气|-1
忡|-1
怅|-1
怅恨|-1
怅然|-1
怅然若失|-1
怅怅|-1
怅惘|-1
怆|-1
怆怳|-1
怆恍|-1
怆然|-1
怆恻|-1
忪|-1
忸|-1
忸怩|-1
怵|-1
怵然|-1
怵头|-1
怛|-1
怏|-1
怏然|-1
怏然不悦|-1
怏怏|-1
怏怏不乐|-1
怍|-1
怫|-1
怫然|-1
怫然不悦|-1
怫然作色|-1
恸|-1
恻|-1
恻然|-1
恻隐|-1
恂|-1
悚|-1
悚然|-1
悒|-1
悒闷|-1
悒郁|-1
悒郁寡欢|-1
悒悒不乐|-1
悛|-1
悻然|-1
悻悻|-1
悻悻然|-1
惝恍|-1
惘|-1
惘然|-1
惘然若失|-1
惆|-1
惆怅|-1
愠|-1
愠怒|-1
愕|-1
愕然|-1
愣|-1
愣神儿|-1
愣怔|-1
愣怔怔|-1
愣住|-1
惴|-1
愀|-1
慊|-1
憷|-1
憷头|-1
懔|-1
忝|-1
闵|-1
渎|-1
宥|-1
骞|-1
娆|-1
嬉笑怒骂|-1
槁木死灰|-1
殚|-1
轸|-1
戟指|-1
腼腆|-1
膈应|-1
臊|-1
恝置|-1
恚|-1
恚愤|-1
恚恨|-1
恚怒|-1
恧|-1
愍|-1
憝|-1
懑|-1
瞠目结舌|-1
瞠然|-1
詈|-1
詈骂|-1
瘅|-1
竦|-1
矜|-1
赧|-1
赧然|-1
赧颜|-1
踟|-1
踟躇|-1
踟蹰|-1
踟蹰不前|-1
蹰|-1
觖|-1
觖望|-1
訾议|-1
黯然神伤|-1
黯然销魂|-1
噲|1
媢|1
媢嫉|1
忺|1
爱|1
爱不忍释|1
爱不释手|1
爱宠|1
爱戴|1
爱抚|1
爱好|1
爱护|1
爱怜|1
爱恋|1
爱慕|1
爱上|1
爱屋及乌|1
爱惜|1
安|1
昂扬|1
巴|1
巴不得|1
巴望|1
摆好|1
拜|1
拜拜|1
拜服|1
拜贺|1
拜谒|1
褒|1
褒奖|1
褒扬|1
睎|1
表扬|1
表彰|1
并重|1
补台|1
不看僧面看佛面|1
不愧|1
不胜欣忭|1
不惜|1
不厌|1
睬|1
采纳|1
参拜|1
参谒|1
侧重|1
馋|1
畅快|1
唱喏|1
倡|1
朝拜|1
朝思暮想|1
撑台面|1
撑腰|1
称|1
称道|1
称快|1
称赏|1
称颂|1
称叹|1
称羡|1
称谢|1
称心|1
称心如意|1
称心如愿|1
称许|1
称誉|1
称愿|1
称赞|1
承|1
承蒙|1
承情|1
承望|1
承应|1
骋怀|1
吃醋|1
痴|1
痴恋|1
痴迷|1
痴情|1
痴心不改|1
痴心妄想|1
驰念|1
驰思|1
崇|1
崇拜|1
崇敬|1
崇尚|1
崇仰|1
宠|1
宠爱|1
宠幸|1
酬谢|1
踌躇满志|1
出迎|1
垂爱|1
垂念|1
垂青|1
垂涎|1
垂涎三尺|1
垂涎欲滴|1
春风得意|1
春风满面|1
醋意大发|1
措意|1
答礼|1
答谢|1
答应|1
打千|1
大快人心|1
大喜过望|1
戴|1
胆敢|1
弹冠相庆|1
当真|1
当之无愧|1
倒向|1
道贺|1
道谢|1
得意|1
得意忘形|1
点头|1
点头称是|1
点头哈腰|1
电贺|1
奠祭|1
吊祭|1
盯紧|1
盯住|1
顶礼|1
顶礼膜拜|1
抖|1
睹物思人|1
妒|1
妒恨|1
妒火中烧|1
妒嫉|1
妒忌|1
妒羡|1
多留个心眼儿|1
堕入爱河|1
堕入情网|1
额手称庆|1
反哺|1
放胆|1
放在心上|1
费心|1
封禅|1
疯魔|1
奉|1
奉若神明|1
奉迎|1
俯允|1
甘|1
甘心|1
甘心情愿|1
甘愿|1
感|1
感恩|1
感恩戴德|1
感激|1
感激不尽|1
感激涕零|1
感同身受|1
感谢|1
感兴趣|1
敢|1
高看|1
高山仰止|1
高兴|1
歌颂|1
给 ... 留面子|1
给脸|1
给面子|1
恭而敬之|1
恭贺|1
恭敬|1
恭维|1
恭喜|1
恭祝|1
供奉|1
公祭|1
拱手|1
顾|1
顾及|1
顾盼自雄|1
顾全|1
顾惜|1
挂牵|1
关爱|1
关怀|1
关怀备至|1
关切|1
关心|1
关照|1
关注|1
管|1
贯注|1
鬼迷心窍|1
跪拜|1
跪叩|1
过|1
过奖|1
过问|1
过誉|1
哈|1
酣畅|1
豪情满怀|1
好|1
好奇|1
好情|1
喝彩|1
合掌|1
贺|1
狠抓|1
恨不得|1
恨不能|1
横心|1
厚望|1
怀|1
怀恋|1
怀念|1
怀想|1
欢|1
欢畅|1
欢欢喜喜|1
欢快|1
欢乐|1
欢闹|1
欢声雷动|1
欢腾|1
欢天喜地|1
欢慰|1
欢喜|1
欢欣|1
欢欣鼓舞|1
欢迎|1
欢愉|1
欢娱|1
欢悦|1
欢忭|1
还礼|1
回敬|1
回礼|1
魂牵梦系|1
魂牵梦萦|1
豁朗|1
稽首|1
极热心|1
集中|1
集注|1
急|1
嫉|1
嫉妒|1
冀|1
冀求|1
冀望|1
祭|1
祭拜|1
祭奠|1
祭扫|1
祭祀|1
记挂|1
忌|1
忌妒|1
嘉|1
嘉奖|1
嘉许|1
夹道欢迎|1
兼顾|1
检点|1
见爱|1
见义勇为|1
奖|1
奖励|1
奖赏|1
奖掖|1
讲|1
讲究|1
讲求|1
交口称誉|1
交口称赞|1
叫好|1
叫绝|1
接受|1
皆大欢喜|1
尽|1
尽孝|1
尽忠|1
惊喜|1
景仰|1
敬|1
敬爱|1
敬奉|1
敬服|1
敬贺|1
敬礼|1
敬慕|1
敬佩|1
敬若神明|1
敬畏|1
敬仰|1
敬重|1
敬祝|1
竟敢|1
鞠躬|1
聚焦|1
聚精会神|1
眷爱|1
眷恋|1
眷念|1
开绿灯|1
开心|1
看车|1
看得起|1
看得上|1
看得上眼|1
看上|1
看上眼|1
看在|1
看中|1
看重|1
考究|1
磕头|1
渴慕|1
渴念|1
渴盼|1
渴求|1
渴望|1
渴想|1
肯|1
肯定|1
肯于|1
口角春风|1
酷爱|1
酷好|1
夸|1
夸奖|1
夸赞|1
快|1
快活|1
快乐|1
快慰|1
快意|1
宽畅|1
宽松|1
狂喜|1
狂想|1
来神|1
乐|1
乐不可支|1
乐颠颠|1
乐呵呵|1
乐乐呵呵|1
乐陶陶|1
乐意|1
乐悠悠|1
乐于|1
乐滋滋|1
理会|1
理直气壮|1
礼赞|1
立项|1
力主|1
怜爱|1
恋|1
恋爱|1
恋恋不舍|1
领情|1
留个心眼儿|1
留神|1
留心|1
留意|1
论功行赏|1
买账|1
满|1
满怀豪情|1
满怀激情|1
满面春风|1
满心欢喜|1
满意|1
满足|1
眉飞色舞|1
美|1
美言|1
美滋滋|1
梦魂萦绕|1
梦寐以求|1
梦想|1
迷|1
迷恋|1
迷上|1
面有喜色|1
鸣谢|1
谬奖|1
膜拜|1
默认|1
默许|1
慕|1
慕名|1
溺爱|1
念|1
拍案叫绝|1
拍手称快|1
拍手叫好|1
盼|1
盼念|1
盼望|1
佩|1
佩服|1
捧场|1
批准|1
偏爱|1
偏宠|1
偏好|1
偏重|1
飘飘然|1
飘飘欲仙|1
迫切需要|1
普天同庆|1
期|1
期待|1
期盼|1
期望|1
祈盼|1
起敬|1
企|1
企慕|1
企盼|1
企望|1
器重|1
牵肠挂肚|1
牵挂|1
千恩万谢|1
敲边鼓|1
瞧得起|1
瞧得上眼|1
翘盼|1
翘企|1
翘望|1
钦|1
钦佩|1
亲热|1
亲热亲热|1
轻快|1
倾慕|1
倾向|1
倾心|1
情有独钟|1
情愿|1
庆|1
庆贺|1
庆幸|1
庆祝|1
圈定|1
饶有兴趣|1
热心|1
人心大快|1
认|1
认可|1
认了|1
认命|1
日有所思|1
融融|1
容|1
容许|1
如痴如狂|1
如痴如醉|1
如获至宝|1
如意|1
如愿以偿|1
如醉如痴|1
入迷|1
入魔|1
入神|1
赏|1
赏识|1
赏赉|1
尚|1
烧高香|1
奢望|1
申谢|1
伸张|1
神魂颠倒|1
神往|1
甚感欢慰|1
盛赞|1
施礼|1
十分满意|1
示好|1
示同意|1
示喜|1
释放善意|1
手舞足蹈|1
首肯|1
守候|1
守岁|1
舒畅|1
舒服|1
舒坦|1
属望|1
属意|1
树碑立传|1
爽|1
爽快|1
爽心|1
爽怡|1
说好|1
说好话|1
说妥|1
说项|1
思|1
思恋|1
思慕|1
思念|1
松心|1
颂|1
颂扬|1
颂赞|1
送往迎来|1
随心|1
遂心|1
遂意|1
抬爱|1
抬举|1
贪|1
贪恋|1
贪图|1
叹|1
叹服|1
叹赏|1
叹为观止|1
叹羡|1
陶然|1
陶陶|1
陶醉|1
特许|1
疼|1
疼爱|1
疼惜|1
提倡|1
甜丝丝|1
甜滋滋|1
挑三拣四|1
挑眼|1
通过|1
通融|1
同意|1
吐口|1
吐气扬眉|1
推|1
推崇|1
推戴|1
推许|1
推重|1
推尊|1
望|1
望眼欲穿|1
忘乎所以|1
妄想|1
维护|1
畏|1
温存|1
问心无愧|1
无愧|1
嘻嘻哈哈|1
稀罕|1
希|1
希罕|1
希冀|1
希图|1
希望|1
惜|1
喜|1
喜爱|1
喜不自禁|1
喜不自胜|1
喜冲冲|1
喜出望外|1
喜好|1
喜欢|1
喜乐|1
喜眉笑眼|1
喜气洋洋|1
喜上眉梢|1
喜上心头|1
喜兴|1
喜形于色|1
喜幸|1
喜洋洋|1
喜吟吟|1
喜盈盈|1
喜悦|1
喜滋滋|1
喜孜孜|1
显扬|1
羡|1
羡慕|1
相中|1
想|1
想念|1
想望|1
向|1
向 ... 倾斜|1
向往|1
向着|1
销魂|1
消魂|1
孝敬|1
孝顺|1
写意|1
谢|1
谢天谢地|1
谢谢|1
欣|1
欣赏|1
欣慰|1
欣喜|1
欣喜若狂|1
欣羡|1
欣幸|1
忻|1
心驰神往|1
心荡神驰|1
心甘|1
心甘情愿|1
心花怒放|1
心旷神怡|1
心满意足|1
心疼|1
心向|1
心醉|1
兴高采烈|1
行礼|1
需|1
需要|1
许|1
许可|1
轩然|1
悬红|1
悬赏|1
眼馋|1
眼红|1
眼热|1
艳羡|1
扬眉吐气|1
扬扬|1
扬扬得意|1
扬扬自得|1
洋洋得意|1
洋洋自得|1
仰|1
仰慕|1
摇头摆尾|1
摇头晃脑|1
要|1
夜有所梦|1
一往情深|1
揖|1
依依不舍|1
依允|1
以期|1
以求|1
意欲|1
溢美|1
引颈企待|1
引领|1
应|1
应承|1
应下|1
应许|1
应允|1
应准|1
迎|1
迎候|1
迎接|1
迎来|1
迎迓|1
拥|1
拥戴|1
拥护|1
咏赞|1
用|1
用心良苦|1
有心|1
有意|1
俞允|1
愉|1
愉快|1
愉悦|1
欲|1
誉|1
愿|1
愿意|1
跃跃欲试|1
悦|1
悦服|1
允|1
允许|1
允准|1
在乎|1
在心|1
在意|1
赞|1
赞成|1
赞服|1
赞美|1
赞慕|1
赞佩|1
赞赏|1
赞颂|1
赞叹|1
赞同|1
赞羡|1
赞许|1
赞扬|1
赞誉|1
沾沾自喜|1
照准|1
折服|1
珍|1
珍爱|1
珍视|1
珍惜|1
珍重|1
正中下怀|1
支持|1
知冷知热|1
知冷着热|1
知足|1
指靠|1
指望|1
志愿|1
挚爱|1
致贺|1
致敬|1
致谢|1
中意|1
钟|1
钟爱|1
钟情|1
重|1
重视|1
重在|1
瞩目|1
瞩望|1
主持|1
注|1
注意|1
注重|1
祝|1
祝福|1
祝贺|1
祝颂|1
祝愿|1
抓|1
抓紧|1
准|1
准许|1
准予|1
着迷|1
着想|1
着眼|1
着眼于|1
自得|1
自得其乐|1
自告奋勇|1
自满|1
自鸣得意|1
自认|1
自愿|1
自足|1
宗仰|1
醉心|1
尊|1
尊崇|1
尊敬|1
尊重|1
傧|1
佥同|1
跂望|1
讴歌|1
谒|1
哿|1
埽|1
萦念|1
揄扬|1
叩|1
叩拜|1
叩首|1
叩头|1
哙|1
啧啧称羡|1
啧啧称赞|1
喁|1
嗟|1
醊|1
徼|1
夤|1
饫|1
廑|1
忮|1
忭|1
忭跃|1
怏然自足|1
怿|1
怡然自得|1
恺|1
悚|1
惬|1
惬意|1
慊|1
憧憬|1
迓|1
嬖|1
绻|1
觊|1
觊觎|1
犒|1
犒劳|1
犒赏|1
胪|1
歆|1
歆慕|1
歆羡|1
祀|1
祗|1
眄|1
顒|1
锺|1
鹄望|1
翊戴|1
裣衽|1
酹|1
雩|1